{
  "records": [
    {
      "0000":"1",
      "0001":"John",
      "0002":"Lennon",
      "0003":"40",
      "0004":"10-09-1940",
      "0005":"false",
      "0006":"74",
      "tdpId":0
    },
    {
      "0000":"2",
      "0001":"David",
      "0002":"Bowie",
      "0003":"67",
      "0004":"01-08-1947",
      "0005":"true",
      "0006":"68",
      "tdpId":1
    },
    {
      "0000":"3",
      "0001":"Dylan",
      "0002":"Bob",
      "0003":"74",
      "0004":"empty",
      "0005":"",
      "0006":"",
      "tdpId":2
    },
    {
      "0000":"4",
      "0001":"Hendrix",
      "0002":"Jimi",
      "0003":"",
      "0004":"27-11-1942",
      "0005":"false",
      "0006":"72",
      "tdpId":3
    }
  ]
}
