{
  "records": [
    {
      "0000": "1",
      "0001": "John",
      "0002": "Lennon",
      "0003": "40",
      "0004": "27/09/1940",
      "0005": "0",
      "tdpId": 1
    },
    {
      "0000": "4",
      "0001": "Hendrix",
      "0002": "Jimi",
      "0003": "",
      "0004": "1942-11-27",
      "0005": "0",
      "tdpId": 4
    }
  ]
}