{
  "records": [
    {
      "0000":"1",
      "0001":"John",
      "0002":"Lennon",
      "0003":"40",
      "0004":"10/09/1940",
      "0005":"false",
      "0006":"74",
      "0007":"899",
      "tdpId":0
    },
    {
      "0000":"2",
      "0001":"David",
      "0002":"Bowie",
      "0003":"67",
      "0004":"01/08/1947",
      "0005":"true",
      "0006":"68",
      "0007":"816",
      "tdpId":1
    }
  ],
  "columns":[
    {
      "name":"id",
      "type":"integer",
      "id":"0000"
    },
    {
      "name":"firstname",
      "type":"string",
      "id":"0001"
    },
    {
      "name":"lastname",
      "type":"string",
      "id":"0002"
    },
    {
      "name":"age",
      "type":"integer",
      "id":"0003"
    },
    {
      "name":"date-of-birth",
      "type":"date",
      "id":"0004"
    },
    {
      "name":"since_date-of-birth_in_years",
      "type":"integer",
      "id":"0006"
    },
    {
      "name":"since_date-of-birth_in_months",
      "type":"integer",
      "id":"0007"
    },
    {
      "name":"alive",
      "type":"boolean",
      "id":"0005"
    }
  ]
}
