[
  {
    "data": "Seine-Saint-Denis",
    "COUNT": 24.0
  },
  {
    "data": "Cotes-d'Armor",
    "COUNT": 1.0
  },
  {
    "data": "Saone-et-Loire",
    "COUNT": 2.0
  },
  {
    "data": "Sarthe",
    "COUNT": 1.0
  },
  {
    "data": "Var",
    "COUNT": 7.0
  },
  {
    "data": "Aube",
    "COUNT": 1.0
  },
  {
    "data": "Doubs",
    "COUNT": 1.0
  },
  {
    "data": "Hautes-Alpes",
    "COUNT": 1.0
  },
  {
    "data": "Indre",
    "COUNT": 1.0
  },
  {
    "data": "Somme",
    "COUNT": 1.0
  },
  {
    "data": "Gard",
    "COUNT": 2.0
  },
  {
    "data": "Seine-et-Marne",
    "COUNT": 4.0
  },
  {
    "data": "Finistere",
    "COUNT": 2.0
  },
  {
    "data": "Corse-du-Sud",
    "COUNT": 1.0
  },
  {
    "data": "Guadeloupe",
    "COUNT": 1.0
  },
  {
    "data": "Vaucluse",
    "COUNT": 1.0
  },
  {
    "data": "Ardennes",
    "COUNT": 1.0
  },
  {
    "data": "Bas-Rhin",
    "COUNT": 3.0
  },
  {
    "data": "Guyane",
    "COUNT": 2.0
  },
  {
    "data": "Marne",
    "COUNT": 2.0
  },
  {
    "data": "Haute-Corse",
    "COUNT": 1.0
  },
  {
    "data": "Saint-Martin est une?COM?autonome",
    "COUNT": 1.0
  },
  {
    "data": "Eure",
    "COUNT": 1.0
  },
  {
    "data": "Charente",
    "COUNT": 1.0
  },
  {
    "data": "Meurthe-et-Moselle",
    "COUNT": 2.0
  },
  {
    "data": "Correze",
    "COUNT": 1.0
  },
  {
    "data": "Vendee",
    "COUNT": 1.0
  },
  {
    "data": "Ain",
    "COUNT": 1.0
  },
  {
    "data": "Drome",
    "COUNT": 3.0
  },
  {
    "data": "Deux-Sevres",
    "COUNT": 1.0
  },
  {
    "data": "Val-de-Marne",
    "COUNT": 16.0
  },
  {
    "data": "Tarn",
    "COUNT": 2.0
  },
  {
    "data": "Puy-de-Dome",
    "COUNT": 1.0
  },
  {
    "data": "Savoie",
    "COUNT": 1.0
  },
  {
    "data": "Yonne",
    "COUNT": 1.0
  },
  {
    "data": "Cote-d'Or",
    "COUNT": 1.0
  },
  {
    "data": "Eure-et-Loir",
    "COUNT": 2.0
  },
  {
    "data": "Loire",
    "COUNT": 3.0
  },
  {
    "data": "Allier",
    "COUNT": 1.0
  },
  {
    "data": "Herault",
    "COUNT": 3.0
  },
  {
    "data": "Landes",
    "COUNT": 1.0
  },
  {
    "data": "Vienne",
    "COUNT": 2.0
  },
  {
    "data": "Loiret",
    "COUNT": 1.0
  },
  {
    "data": "Hauts-de-Seine",
    "COUNT": 21.0
  },
  {
    "data": "Haute-Garonne",
    "COUNT": 2.0
  },
  {
    "data": "Manche",
    "COUNT": 1.0
  },
  {
    "data": "Lot-et-Garonne",
    "COUNT": 1.0
  },
  {
    "data": "Vosges",
    "COUNT": 1.0
  },
  {
    "data": "Metropole de Lyon",
    "COUNT": 9.0
  },
  {
    "data": "Aude",
    "COUNT": 2.0
  },
  {
    "data": "Ille-et-Vilaine",
    "COUNT": 2.0
  },
  {
    "data": "Loire-Atlantique",
    "COUNT": 4.0
  },
  {
    "data": "Seine-Maritime",
    "COUNT": 3.0
  },
  {
    "data": "La Reunion",
    "COUNT": 12.0
  },
  {
    "data": "Gironde",
    "COUNT": 4.0
  },
  {
    "data": "Charente-Maritime",
    "COUNT": 1.0
  },
  {
    "data": "Pas-de-Calais",
    "COUNT": 5.0
  },
  {
    "data": "Cher",
    "COUNT": 1.0
  },
  {
    "data": "Morbihan",
    "COUNT": 2.0
  },
  {
    "data": "Yvelines",
    "COUNT": 11.0
  },
  {
    "data": "Haute-Savoie",
    "COUNT": 3.0
  },
  {
    "data": "Hautes-Pyrenees",
    "COUNT": 1.0
  },
  {
    "data": "Martinique",
    "COUNT": 2.0
  },
  {
    "data": "Val-d'Oise",
    "COUNT": 7.0
  },
  {
    "data": "Tarn-et-Garonne",
    "COUNT": 1.0
  },
  {
    "data": "Alpes-Maritimes",
    "COUNT": 6.0
  },
  {
    "data": "Rhone",
    "COUNT": 1.0
  },
  {
    "data": "Aisne",
    "COUNT": 1.0
  },
  {
    "data": "Maine-et-Loire",
    "COUNT": 2.0
  },
  {
    "data": "Essonne",
    "COUNT": 7.0
  },
  {
    "data": "Indre-et-Loire",
    "COUNT": 2.0
  },
  {
    "data": "Oise",
    "COUNT": 3.0
  },
  {
    "data": "Haute-Vienne",
    "COUNT": 1.0
  },
  {
    "data": "Calvados",
    "COUNT": 1.0
  },
  {
    "data": "Haut-Rhin",
    "COUNT": 2.0
  },
  {
    "data": "Nievre",
    "COUNT": 1.0
  },
  {
    "data": "Pyrenees-Atlantiques",
    "COUNT": 3.0
  },
  {
    "data": "Isere",
    "COUNT": 3.0
  },
  {
    "data": "Nord",
    "COUNT": 11.0
  },
  {
    "data": "Bouches-du-Rhone",
    "COUNT": 10.0
  },
  {
    "data": "Loir-et-Cher",
    "COUNT": 1.0
  },
  {
    "data": "Mayenne",
    "COUNT": 1.0
  },
  {
    "data": "Moselle",
    "COUNT": 2.0
  },
  {
    "data": "Pyrenees-Orientales",
    "COUNT": 1.0
  },
  {
    "data": "Territoire de Belfort",
    "COUNT": 1.0
  },
  {
    "data": "Paris",
    "COUNT": 1.0
  }
]