{
   "metadata":{
      "records":100,
      "nbLinesHeader":1,
      "nbLinesFooter":0
   }
}
