{
  "metadata": null,
  "columns": [
    {
      "name": "user_id",
      "headerSize": 0,
      "type": "string",
      "quality": {
        "empty": 0,
        "invalid": 0,
        "valid": 16,
        "invalidValues": []
      },
      "id": "0000",
      "statistics": {
        "count": 16,
        "valid": 16,
        "invalid": 0,
        "empty": 0,
        "max": "NaN",
        "min": "NaN",
        "mean": "NaN",
        "variance": "NaN",
        "duplicateCount": 2,
        "distinctCount": 14,
        "frequencyTable": [
          {
            "data": "61a7d084f5",
            "occurrences": 2
          },
          {
            "data": "87f89d1fe4",
            "occurrences": 2
          },
          {
            "data": "d72e9b958a",
            "occurrences": 1
          },
          {
            "data": "ef433d39c6",
            "occurrences": 1
          },
          {
            "data": "17b8b214b0",
            "occurrences": 1
          },
          {
            "data": "23b5dae249",
            "occurrences": 1
          },
          {
            "data": "ff971288b2",
            "occurrences": 1
          },
          {
            "data": "e8f6f7853c",
            "occurrences": 1
          },
          {
            "data": "a4dc1548af",
            "occurrences": 1
          },
          {
            "data": "5802162c20",
            "occurrences": 1
          },
          {
            "data": "67dc195843",
            "occurrences": 1
          },
          {
            "data": "1c3ddff940",
            "occurrences": 1
          },
          {
            "data": "7c52e0eab6",
            "occurrences": 1
          },
          {
            "data": "82c97f8fbc",
            "occurrences": 1
          }
        ],
        "patternFrequencyTable": [
          {
            "pattern": "99a9a999a9",
            "occurrences": 3
          },
          {
            "pattern": "99a99a9aa9",
            "occurrences": 2
          },
          {
            "pattern": "a99a9a999a",
            "occurrences": 1
          },
          {
            "pattern": "99a99a9aaa",
            "occurrences": 1
          },
          {
            "pattern": "9999999a99",
            "occurrences": 1
          },
          {
            "pattern": "9a9aaaa999",
            "occurrences": 1
          },
          {
            "pattern": "a9aa9999aa",
            "occurrences": 1
          },
          {
            "pattern": "9a99a9aaa9",
            "occurrences": 1
          },
          {
            "pattern": "99aa999999",
            "occurrences": 1
          },
          {
            "pattern": "99a9aaa999",
            "occurrences": 1
          },
          {
            "pattern": "aa999999a9",
            "occurrences": 1
          },
          {
            "pattern": "a9a9a9999a",
            "occurrences": 1
          },
          {
            "pattern": "aa999a99a9",
            "occurrences": 1
          }
        ],
        "quantiles": {
          "median": "NaN",
          "lowerQuantile": "NaN",
          "upperQuantile": "NaN"
        },
        "histogram": [],
        "textLengthSummary": {
          "minimalLength": 10.0,
          "minimalLengthWithBlank": 0.0,
          "maximalLength": 10.0,
          "averageLength": 10.0,
          "averageLengthWithBlank": 10.0
        }
      },
      "domain": "",
      "domainLabel": "",
      "domainFrequency": 20.0,
      "semanticDomains": [
        {
          "id": "",
          "label": "",
          "frequency": 100.0
        }
      ]
    },
    {
      "name": "departement",
      "headerSize": 0,
      "type": "integer",
      "quality": {
        "empty": 1,
        "invalid": 0,
        "valid": 15,
        "invalidValues": []
      },
      "id": "0001",
      "statistics": {
        "count": 16,
        "valid": 15,
        "invalid": 0,
        "empty": 1,
        "max": 92.0,
        "min": 0.0,
        "duplicateCount": 5,
        "distinctCount": 11,
        "frequencyTable": [
          {
            "data": "75",
            "occurrences": 4
          },
          {
            "data": "13",
            "occurrences": 2
          },
          {
            "data": "53",
            "occurrences": 2
          },
          {
            "data": "",
            "occurrences": 1
          },
          {
            "data": "78",
            "occurrences": 1
          },
          {
            "data": "46",
            "occurrences": 1
          },
          {
            "data": "71",
            "occurrences": 1
          },
          {
            "data": "69",
            "occurrences": 1
          },
          {
            "data": "70",
            "occurrences": 1
          },
          {
            "data": "92",
            "occurrences": 1
          },
          {
            "data": "91",
            "occurrences": 1
          }
        ],
        "patternFrequencyTable": [
          {
            "pattern": "99",
            "occurrences": 15
          },
          {
            "pattern": "",
            "occurrences": 1
          }
        ],
        "quantiles": {
          "median": 70.5,
          "lowerQuantile": 47.75,
          "upperQuantile": 75.0
        },
        "histogram": [
          {
            "range": {
              "min": 13.0,
              "max": 22.875
            },
            "occurrences": 2
          },
          {
            "range": {
              "min": 22.875,
              "max": 32.75
            },
            "occurrences": 0
          },
          {
            "range": {
              "min": 32.75,
              "max": 42.625
            },
            "occurrences": 0
          },
          {
            "range": {
              "min": 42.625,
              "max": 52.5
            },
            "occurrences": 1
          },
          {
            "range": {
              "min": 52.5,
              "max": 62.375
            },
            "occurrences": 2
          },
          {
            "range": {
              "min": 62.375,
              "max": 72.25
            },
            "occurrences": 3
          },
          {
            "range": {
              "min": 72.25,
              "max": 82.125
            },
            "occurrences": 5
          },
          {
            "range": {
              "min": 82.125,
              "max": 92.0
            },
            "occurrences": 2
          }
        ],
        "textLengthSummary": {
          "minimalLength": "NaN",
          "minimalLengthWithBlank": "NaN",
          "maximalLength": "NaN",
          "averageLength": "NaN",
          "averageLengthWithBlank": "NaN"
        }
      },
      "domain": "",
      "domainLabel": "",
      "domainFrequency": 20.0,
      "semanticDomains": [
        {
          "id": "",
          "label": "",
          "frequency": 100.0
        }
      ]
    },
    {
      "name": "birth",
      "headerSize": 0,
      "type": "date",
      "quality": {
        "empty": 0,
        "invalid": 0,
        "valid": 16,
        "invalidValues": []
      },
      "id": "0002",
      "statistics": {
        "count": 16,
        "valid": 16,
        "invalid": 0,
        "empty": 0,
        "max": "NaN",
        "min": "NaN",
        "mean": "NaN",
        "variance": "NaN",
        "duplicateCount": 2,
        "distinctCount": 14,
        "frequencyTable": [
          {
            "data": "02/11/1963",
            "occurrences": 2
          },
          {
            "data": "12/18/1950",
            "occurrences": 2
          },
          {
            "data": "04/04/1987",
            "occurrences": 1
          },
          {
            "data": "01/23/1991",
            "occurrences": 1
          },
          {
            "data": "11/09/1970",
            "occurrences": 1
          },
          {
            "data": "01/31/1983",
            "occurrences": 1
          },
          {
            "data": "01/05/1971",
            "occurrences": 1
          },
          {
            "data": "06/05/1958",
            "occurrences": 1
          },
          {
            "data": "12/30/1899",
            "occurrences": 1
          },
          {
            "data": "05/24/1982",
            "occurrences": 1
          },
          {
            "data": "12/16/1977",
            "occurrences": 1
          },
          {
            "data": "12/19/1981",
            "occurrences": 1
          },
          {
            "data": "05/28/1973",
            "occurrences": 1
          },
          {
            "data": "06/07/1977",
            "occurrences": 1
          }
        ],
        "patternFrequencyTable": [
          {
            "pattern": "MM/dd/yyyy",
            "occurrences": 9
          },
          {
            "pattern": "dd/MM/yyyy",
            "occurrences": 7
          }
        ],
        "quantiles": {
          "median": "NaN",
          "lowerQuantile": "NaN",
          "upperQuantile": "NaN"
        },
        "histogram": [],
        "textLengthSummary": {
          "minimalLength": "NaN",
          "minimalLengthWithBlank": "NaN",
          "maximalLength": "NaN",
          "averageLength": "NaN",
          "averageLengthWithBlank": "NaN"
        }
      }
    },
    {
      "name": "order_id",
      "headerSize": 0,
      "type": "string",
      "quality": {
        "empty": 0,
        "invalid": 0,
        "valid": 16,
        "invalidValues": []
      },
      "id": "0003",
      "statistics": {
        "count": 16,
        "valid": 16,
        "invalid": 0,
        "empty": 0,
        "max": "NaN",
        "min": "NaN",
        "mean": "NaN",
        "variance": "NaN",
        "duplicateCount": 0,
        "distinctCount": 16,
        "frequencyTable": [
          {
            "data": "TSG-1200503",
            "occurrences": 1
          },
          {
            "data": "TSG-1200555",
            "occurrences": 1
          },
          {
            "data": "TSG-1200547",
            "occurrences": 1
          },
          {
            "data": "TSG-1200535",
            "occurrences": 1
          },
          {
            "data": "TSG-1200552",
            "occurrences": 1
          },
          {
            "data": "TSG-1200541",
            "occurrences": 1
          },
          {
            "data": "TSG-1200530",
            "occurrences": 1
          },
          {
            "data": "TSG-1200508",
            "occurrences": 1
          },
          {
            "data": "TSG-1200509",
            "occurrences": 1
          },
          {
            "data": "TSG-1200545",
            "occurrences": 1
          },
          {
            "data": "TSG-1200534",
            "occurrences": 1
          },
          {
            "data": "TSG-1200538",
            "occurrences": 1
          },
          {
            "data": "TSG-1200505",
            "occurrences": 1
          },
          {
            "data": "TSG-1200502",
            "occurrences": 1
          },
          {
            "data": "TSG-1200500",
            "occurrences": 1
          }
        ],
        "patternFrequencyTable": [
          {
            "pattern": "AAA-9999999",
            "occurrences": 16
          }
        ],
        "quantiles": {
          "median": "NaN",
          "lowerQuantile": "NaN",
          "upperQuantile": "NaN"
        },
        "histogram": [],
        "textLengthSummary": {
          "minimalLength": 11.0,
          "minimalLengthWithBlank": 0.0,
          "maximalLength": 11.0,
          "averageLength": 11.0,
          "averageLengthWithBlank": 11.0
        }
      },
      "domain": "",
      "domainLabel": "",
      "domainFrequency": 20.0,
      "semanticDomains": [
        {
          "id": "",
          "label": "",
          "frequency": 100.0
        }
      ]
    },
    {
      "name": "order_date",
      "headerSize": 0,
      "type": "date",
      "quality": {
        "empty": 0,
        "invalid": 0,
        "valid": 16,
        "invalidValues": []
      },
      "id": "0004",
      "statistics": {
        "count": 16,
        "valid": 16,
        "invalid": 0,
        "empty": 0,
        "max": "NaN",
        "min": "NaN",
        "mean": "NaN",
        "variance": "NaN",
        "duplicateCount": 2,
        "distinctCount": 14,
        "frequencyTable": [
          {
            "data": "2013-12-15 15:05:00",
            "occurrences": 2
          },
          {
            "data": "2014-01-19 10:59:00",
            "occurrences": 2
          },
          {
            "data": "2014-01-22 08:28:00",
            "occurrences": 1
          },
          {
            "data": "2013-11-29 13:19:00",
            "occurrences": 1
          },
          {
            "data": "2014-09-07 09:03:00",
            "occurrences": 1
          },
          {
            "data": "2013-12-21 20:42:00",
            "occurrences": 1
          },
          {
            "data": "2014-08-20 10:10:00",
            "occurrences": 1
          },
          {
            "data": "2014-05-20 15:25:00",
            "occurrences": 1
          },
          {
            "data": "2013-12-05 19:45:00",
            "occurrences": 1
          },
          {
            "data": "2013-12-22 14:09:00",
            "occurrences": 1
          },
          {
            "data": "2014-05-22 12:14:00",
            "occurrences": 1
          },
          {
            "data": "2014-03-22 21:07:00",
            "occurrences": 1
          },
          {
            "data": "2014-02-10 14:22:00",
            "occurrences": 1
          },
          {
            "data": "2013-12-07 15:27:00",
            "occurrences": 1
          }
        ],
        "patternFrequencyTable": [
          {
            "pattern": "yyyy-MM-dd HH:mm:ss",
            "occurrences": 16
          }
        ],
        "quantiles": {
          "median": "NaN",
          "lowerQuantile": "NaN",
          "upperQuantile": "NaN"
        },
        "histogram": [],
        "textLengthSummary": {
          "minimalLength": "NaN",
          "minimalLengthWithBlank": "NaN",
          "maximalLength": "NaN",
          "averageLength": "NaN",
          "averageLengthWithBlank": "NaN"
        }
      }
    },
    {
      "name": "total",
      "headerSize": 0,
      "type": "double",
      "quality": {
        "empty": 0,
        "invalid": 0,
        "valid": 16,
        "invalidValues": []
      },
      "id": "0005",
      "statistics": {
        "count": 16,
        "valid": 16,
        "invalid": 0,
        "empty": 0,
        "max": 200.0,
        "min": 16.7,
        "duplicateCount": 8,
        "distinctCount": 8,
        "frequencyTable": [
          {
            "data": "19.9",
            "occurrences": 5
          },
          {
            "data": "16.7",
            "occurrences": 3
          },
          {
            "data": "33.4",
            "occurrences": 2
          },
          {
            "data": "200.0",
            "occurrences": 2
          },
          {
            "data": "25.0",
            "occurrences": 1
          },
          {
            "data": "39.8",
            "occurrences": 1
          },
          {
            "data": "75.0",
            "occurrences": 1
          },
          {
            "data": "71.7",
            "occurrences": 1
          }
        ],
        "patternFrequencyTable": [
          {
            "pattern": "99.9",
            "occurrences": 14
          },
          {
            "pattern": "999.9",
            "occurrences": 2
          }
        ],
        "quantiles": {
          "median": 19.9,
          "lowerQuantile": 16.7,
          "upperQuantile": 33.4
        },
        "histogram": [
          {
            "range": {
              "min": 16.7,
              "max": 39.6125
            },
            "occurrences": 11
          },
          {
            "range": {
              "min": 39.6125,
              "max": 62.525000000000006
            },
            "occurrences": 1
          },
          {
            "range": {
              "min": 62.525000000000006,
              "max": 85.43750000000001
            },
            "occurrences": 2
          },
          {
            "range": {
              "min": 85.43750000000001,
              "max": 108.35000000000001
            },
            "occurrences": 0
          },
          {
            "range": {
              "min": 108.35000000000001,
              "max": 131.2625
            },
            "occurrences": 0
          },
          {
            "range": {
              "min": 131.2625,
              "max": 154.175
            },
            "occurrences": 0
          },
          {
            "range": {
              "min": 154.175,
              "max": 177.0875
            },
            "occurrences": 0
          },
          {
            "range": {
              "min": 177.0875,
              "max": 200.0
            },
            "occurrences": 2
          }
        ],
        "textLengthSummary": {
          "minimalLength": "NaN",
          "minimalLengthWithBlank": "NaN",
          "maximalLength": "NaN",
          "averageLength": "NaN",
          "averageLengthWithBlank": "NaN"
        }
      },
      "domain": "",
      "domainLabel": "",
      "domainFrequency": 20.0,
      "semanticDomains": [
        {
          "id": "",
          "label": "",
          "frequency": 100.0
        }
      ]
    },
    {
      "name": "nb_tshirts",
      "headerSize": 0,
      "type": "integer",
      "quality": {
        "empty": 0,
        "invalid": 0,
        "valid": 16,
        "invalidValues": []
      },
      "id": "0006",
      "statistics": {
        "count": 16,
        "valid": 16,
        "invalid": 0,
        "empty": 0,
        "max": 8.0,
        "min": 1.0,
        "duplicateCount": 12,
        "distinctCount": 4,
        "frequencyTable": [
          {
            "data": "1",
            "occurrences": 9
          },
          {
            "data": "2",
            "occurrences": 3
          },
          {
            "data": "3",
            "occurrences": 2
          },
          {
            "data": "8",
            "occurrences": 2
          }
        ],
        "patternFrequencyTable": [
          {
            "pattern": "9",
            "occurrences": 16
          }
        ],
        "quantiles": {
          "median": 1.0,
          "lowerQuantile": 1.0,
          "upperQuantile": 2.0
        },
        "histogram": [
          {
            "range": {
              "min": 1.0,
              "max": 1.875
            },
            "occurrences": 9
          },
          {
            "range": {
              "min": 1.875,
              "max": 2.75
            },
            "occurrences": 3
          },
          {
            "range": {
              "min": 2.75,
              "max": 3.625
            },
            "occurrences": 2
          },
          {
            "range": {
              "min": 3.625,
              "max": 4.5
            },
            "occurrences": 0
          },
          {
            "range": {
              "min": 4.5,
              "max": 5.375
            },
            "occurrences": 0
          },
          {
            "range": {
              "min": 5.375,
              "max": 6.25
            },
            "occurrences": 0
          },
          {
            "range": {
              "min": 6.25,
              "max": 7.125
            },
            "occurrences": 0
          },
          {
            "range": {
              "min": 7.125,
              "max": 8.0
            },
            "occurrences": 2
          }
        ],
        "textLengthSummary": {
          "minimalLength": "NaN",
          "minimalLengthWithBlank": "NaN",
          "maximalLength": "NaN",
          "averageLength": "NaN",
          "averageLengthWithBlank": "NaN"
        }
      },
      "domain": "",
      "domainLabel": "",
      "domainFrequency": 20.0,
      "semanticDomains": [
        {
          "id": "",
          "label": "",
          "frequency": 100.0
        }
      ]
    },
    {
      "name": "tshirt_price",
      "headerSize": 0,
      "type": "double",
      "quality": {
        "empty": 0,
        "invalid": 0,
        "valid": 16,
        "invalidValues": []
      },
      "id": "0007",
      "statistics": {
        "count": 16,
        "valid": 16,
        "invalid": 0,
        "empty": 0,
        "max": 25.0,
        "min": 16.7,
        "duplicateCount": 12,
        "distinctCount": 4,
        "frequencyTable": [
          {
            "data": "19.9",
            "occurrences": 6
          },
          {
            "data": "16.7",
            "occurrences": 5
          },
          {
            "data": "25.0",
            "occurrences": 4
          },
          {
            "data": "23.9",
            "occurrences": 1
          }
        ],
        "patternFrequencyTable": [
          {
            "pattern": "99.9",
            "occurrences": 16
          }
        ],
        "quantiles": {
          "median": 19.9,
          "lowerQuantile": 16.7,
          "upperQuantile": 19.9
        },
        "histogram": [
          {
            "range": {
              "min": 16.7,
              "max": 17.7375
            },
            "occurrences": 5
          },
          {
            "range": {
              "min": 17.7375,
              "max": 18.775
            },
            "occurrences": 0
          },
          {
            "range": {
              "min": 18.775,
              "max": 19.8125
            },
            "occurrences": 0
          },
          {
            "range": {
              "min": 19.8125,
              "max": 20.85
            },
            "occurrences": 6
          },
          {
            "range": {
              "min": 20.85,
              "max": 21.8875
            },
            "occurrences": 0
          },
          {
            "range": {
              "min": 21.8875,
              "max": 22.925
            },
            "occurrences": 0
          },
          {
            "range": {
              "min": 22.925,
              "max": 23.9625
            },
            "occurrences": 1
          },
          {
            "range": {
              "min": 23.9625,
              "max": 25.0
            },
            "occurrences": 4
          }
        ],
        "textLengthSummary": {
          "minimalLength": "NaN",
          "minimalLengthWithBlank": "NaN",
          "maximalLength": "NaN",
          "averageLength": "NaN",
          "averageLengthWithBlank": "NaN"
        }
      },
      "domain": "",
      "domainLabel": "",
      "domainFrequency": 20.0,
      "semanticDomains": [
        {
          "id": "",
          "label": "",
          "frequency": 100.0
        }
      ]
    },
    {
      "name": "category",
      "headerSize": 0,
      "type": "string",
      "quality": {
        "empty": 0,
        "invalid": 0,
        "valid": 16,
        "invalidValues": []
      },
      "id": "0008",
      "statistics": {
        "count": 16,
        "valid": 16,
        "invalid": 0,
        "empty": 0,
        "max": "NaN",
        "min": "NaN",
        "mean": "NaN",
        "variance": "NaN",
        "duplicateCount": 12,
        "distinctCount": 4,
        "frequencyTable": [
          {
            "data": "Black T-Shirt M",
            "occurrences": 5
          },
          {
            "data": "Hoodie",
            "occurrences": 5
          },
          {
            "data": "Black T-Shirt F",
            "occurrences": 3
          },
          {
            "data": "White T-Shirt M",
            "occurrences": 3
          }
        ],
        "patternFrequencyTable": [
          {
            "pattern": "Aaaaa A-Aaaaa A",
            "occurrences": 11
          },
          {
            "pattern": "Aaaaaa",
            "occurrences": 5
          }
        ],
        "quantiles": {
          "median": "NaN",
          "lowerQuantile": "NaN",
          "upperQuantile": "NaN"
        },
        "histogram": [],
        "textLengthSummary": {
          "minimalLength": 6.0,
          "minimalLengthWithBlank": 0.0,
          "maximalLength": 15.0,
          "averageLength": 12.1875,
          "averageLengthWithBlank": 12.1875
        }
      },
      "domain": "",
      "domainLabel": "",
      "domainFrequency": 10.0,
      "semanticDomains": [
        {
          "id": "",
          "label": "",
          "frequency": 50.0
        },
        {
          "id": "Full Name",
          "label": "Full Name",
          "frequency": 50.0
        }
      ]
    }
  ],
  "records": [
    {
      "0000": "a4dc1548af",
      "0001": "",
      "0002": "11/09/1970",
      "0003": "TSG-1200493",
      "0004": "2013-12-07 15:27:00",
      "0005": "71.7",
      "0006": "3",
      "0007": "23.9",
      "0008": "White T-Shirt M",
      "tdpId": 0
    },
    {
      "0000": "e8f6f7853c",
      "0001": "91",
      "0002": "01/31/1983",
      "0003": "TSG-1200500",
      "0004": "2014-01-22 08:28:00",
      "0005": "19.9",
      "0006": "1",
      "0007": "19.9",
      "0008": "Black T-Shirt M",
      "tdpId": 1
    },
    {
      "0000": "5802162c20",
      "0001": "46",
      "0002": "06/05/1958",
      "0003": "TSG-1200502",
      "0004": "2014-03-22 21:07:00",
      "0005": "19.9",
      "0006": "1",
      "0007": "19.9",
      "0008": "Black T-Shirt F",
      "tdpId": 2
    },
    {
      "0000": "67dc195843",
      "0001": "92",
      "0002": "12/30/1899",
      "0003": "TSG-1200503",
      "0004": "2014-09-07 09:03:00",
      "0005": "16.7",
      "0006": "1",
      "0007": "16.7",
      "0008": "Black T-Shirt M",
      "tdpId": 3
    },
    {
      "0000": "7c52e0eab6",
      "0001": "78",
      "0002": "12/19/1981",
      "0003": "TSG-1200505",
      "0004": "2014-05-20 15:25:00",
      "0005": "16.7",
      "0006": "1",
      "0007": "16.7",
      "0008": "Black T-Shirt F",
      "tdpId": 4
    },
    {
      "0000": "ef433d39c6",
      "0001": "71",
      "0002": "01/23/1991",
      "0003": "TSG-1200508",
      "0004": "2013-12-22 14:09:00",
      "0005": "16.7",
      "0006": "1",
      "0007": "16.7",
      "0008": "Black T-Shirt M",
      "tdpId": 5
    },
    {
      "0000": "17b8b214b0",
      "0001": "69",
      "0002": "05/24/1982",
      "0003": "TSG-1200509",
      "0004": "2014-05-22 12:14:00",
      "0005": "19.9",
      "0006": "1",
      "0007": "19.9",
      "0008": "White T-Shirt M",
      "tdpId": 6
    },
    {
      "0000": "1c3ddff940",
      "0001": "70",
      "0002": "01/05/1971",
      "0003": "TSG-1200530",
      "0004": "2013-12-05 19:45:00",
      "0005": "19.9",
      "0006": "1",
      "0007": "19.9",
      "0008": "Black T-Shirt F",
      "tdpId": 7
    },
    {
      "0000": "61a7d084f5",
      "0001": "75",
      "0002": "02/11/1963",
      "0003": "TSG-1200534",
      "0004": "2013-12-15 15:05:00",
      "0005": "33.4",
      "0006": "2",
      "0007": "16.7",
      "0008": "Black T-Shirt M",
      "tdpId": 8
    },
    {
      "0000": "61a7d084f5",
      "0001": "75",
      "0002": "02/11/1963",
      "0003": "TSG-1200535",
      "0004": "2013-12-15 15:05:00",
      "0005": "33.4",
      "0006": "2",
      "0007": "16.7",
      "0008": "Black T-Shirt M",
      "tdpId": 9
    },
    {
      "0000": "ff971288b2",
      "0001": "13",
      "0002": "05/28/1973",
      "0003": "TSG-1200538",
      "0004": "2013-11-29 13:19:00",
      "0005": "39.8",
      "0006": "2",
      "0007": "19.9",
      "0008": "White T-Shirt M",
      "tdpId": 10
    },
    {
      "0000": "d72e9b958a",
      "0001": "75",
      "0002": "12/16/1977",
      "0003": "TSG-1200541",
      "0004": "2014-02-10 14:22:00",
      "0005": "25.0",
      "0006": "1",
      "0007": "25.0",
      "0008": "Hoodie",
      "tdpId": 11
    },
    {
      "0000": "87f89d1fe4",
      "0001": "53",
      "0002": "12/18/1950",
      "0003": "TSG-1200545",
      "0004": "2014-01-19 10:59:00",
      "0005": "200.0",
      "0006": "8",
      "0007": "25.0",
      "0008": "Hoodie",
      "tdpId": 12
    },
    {
      "0000": "87f89d1fe4",
      "0001": "53",
      "0002": "12/18/1950",
      "0003": "TSG-1200547",
      "0004": "2014-01-19 10:59:00",
      "0005": "200.0",
      "0006": "8",
      "0007": "25.0",
      "0008": "Hoodie",
      "tdpId": 13
    },
    {
      "0000": "23b5dae249",
      "0001": "75",
      "0002": "06/07/1977",
      "0003": "TSG-1200552",
      "0004": "2014-08-20 10:10:00",
      "0005": "19.9",
      "0006": "1",
      "0007": "19.9",
      "0008": "Hoodie",
      "tdpId": 14
    },
    {
      "0000": "82c97f8fbc",
      "0001": "13",
      "0002": "04/04/1987",
      "0003": "TSG-1200555",
      "0004": "2013-12-21 20:42:00",
      "0005": "75.0",
      "0006": "3",
      "0007": "25.0",
      "0008": "Hoodie",
      "tdpId": 15
    }
  ]
}