{
   "records":[
      {
         "Postal":"al",
         "State":"Alabama",
         "Capital":"Montgomery",
         "MostPopulousCity":"Birmingham city"
      },
      {
         "Postal":"--",
         "State":"--",
         "Capital":"--",
         "MostPopulousCity":"--"
      },
      {
         "Postal":"AK",
         "State":"Alaska",
         "Capital":"Juneau",
         "MostPopulousCity":"Anchorage"
      },
      {
         "Postal":"AZ",
         "State":"ARIZONA",
         "Capital":"PHOENIX",
         "MostPopulousCity":"PHOENIX"
      },
      {
         "Postal":"AR",
         "State":"Arkansas",
         "Capital":"Little Rock",
         "MostPopulousCity":"Little Rock"
      },
      {
         "Postal":"CA",
         "State":"California"
      },
      {
         "Postal":"CO",
         "State":"Colorado",
         "Capital":"Denver",
         "MostPopulousCity":"Denver"
      }
   ]
}