{
  "records": [
    {
      "0000": "AMC Matador (Wagon)",
      "0001": "13",
      "0002": "8",
      "0003": "360",
      "0004": "175",
      "0005": "3821",
      "0006": "11",
      "0007": "73",
      "tdpId": 1
    },
    {
      "0000": "AMC Matador (Wagon)",
      "0001": "15",
      "0002": "8",
      "0003": "390",
      "0004": "190",
      "0005": "3850",
      "0006": "8.5",
      "0007": "70",
      "tdpId": 2
    },
    {
      "0000": "AMC Matador (Wagon)",
      "0001": "17",
      "0002": "8",
      "0003": "304",
      "0004": "150",
      "0005": "3672",
      "0006": "11.5",
      "0007": "72",
      "tdpId": 3
    },
    {
      "0000": "AMC Matador (Wagon)",
      "0001": "20.2",
      "0002": "6",
      "0003": "232",
      "0004": "90",
      "0005": "3265",
      "0006": "18.2",
      "0007": "79",
      "tdpId": 4
    },
    {
      "0000": "AMC Matador (Wagon)",
      "0001": "18.1",
      "0002": "6",
      "0003": "258",
      "0004": "120",
      "0005": "3410",
      "0006": "15.1",
      "0007": "78",
      "tdpId": 5
    },
    {
      "0000": "AMC Matador (Wagon)",
      "0001": "23",
      "0002": "4",
      "0003": "151",
      "0004": "",
      "0005": "3035",
      "0006": "20.5",
      "0007": "82",
      "tdpId": 6
    },
    {
      "0000": "AMC Matador (Wagon)",
      "0001": "19.4",
      "0002": "6",
      "0003": "232",
      "0004": "90",
      "0005": "3210",
      "0006": "17.2",
      "0007": "78",
      "tdpId": 7
    },
    {
      "0000": "AMC Matador (Wagon)",
      "0001": "24.3",
      "0002": "4",
      "0003": "151",
      "0004": "90",
      "0005": "3003",
      "0006": "20.1",
      "0007": "80",
      "tdpId": 8
    },
    {
      "0000": "AMC Gremlin",
      "0001": "18",
      "0002": "6",
      "0003": "232",
      "0004": "100",
      "0005": "2789",
      "0006": "15",
      "0007": "73",
      "tdpId": 9
    },
    {
      "0000": "AMC Gremlin",
      "0001": "19",
      "0002": "6",
      "0003": "232",
      "0004": "100",
      "0005": "2634",
      "0006": "13",
      "0007": "71",
      "tdpId": 10
    },
    {
      "0000": "AMC Gremlin",
      "0001": "20",
      "0002": "6",
      "0003": "232",
      "0004": "100",
      "0005": "2914",
      "0006": "16",
      "0007": "75",
      "tdpId": 11
    },
    {
      "0000": "AMC Gremlin",
      "0001": "21",
      "0002": "6",
      "0003": "199",
      "0004": "90",
      "0005": "2648",
      "0006": "15",
      "0007": "70",
      "tdpId": 12
    },
    {
      "0000": "AMC Gremlin",
      "0001": "18",
      "0002": "6",
      "0003": "258",
      "0004": "110",
      "0005": "2962",
      "0006": "13.5",
      "0007": "71",
      "tdpId": 13
    },
    {
      "0000": "AMC Gremlin",
      "0001": "18",
      "0002": "6",
      "0003": "199",
      "0004": "97",
      "0005": "2774",
      "0006": "15.5",
      "0007": "70",
      "tdpId": 14
    },
    {
      "0000": "AMC Gremlin",
      "0001": "18",
      "0002": "6",
      "0003": "232",
      "0004": "100",
      "0005": "2945",
      "0006": "16",
      "0007": "73",
      "tdpId": 15
    },
    {
      "0000": "AMC Gremlin",
      "0001": "19",
      "0002": "6",
      "0003": "232",
      "0004": "100",
      "0005": "2901",
      "0006": "16",
      "0007": "74",
      "tdpId": 16
    },
    {
      "0000": "AMC Gremlin",
      "0001": "22.5",
      "0002": "6",
      "0003": "232",
      "0004": "90",
      "0005": "3085",
      "0006": "17.6",
      "0007": "76",
      "tdpId": 17
    },
    {
      "0000": "AMC Matador (Wagon)",
      "0001": "14",
      "0002": "8",
      "0003": "304",
      "0004": "150",
      "0005": "4257",
      "0006": "15.5",
      "0007": "74",
      "tdpId": 18
    },
    {
      "0000": "AMC Matador (Wagon)",
      "0001": "15",
      "0002": "8",
      "0003": "304",
      "0004": "150",
      "0005": "3892",
      "0006": "12.5",
      "0007": "72",
      "tdpId": 19
    },
    {
      "0000": "AMC Matador (Wagon)",
      "0001": "14",
      "0002": "8",
      "0003": "304",
      "0004": "150",
      "0005": "3672",
      "0006": "11.5",
      "0007": "73",
      "tdpId": 20
    },
    {
      "0000": "AMC Matador (Wagon)",
      "0001": "15",
      "0002": "6",
      "0003": "258",
      "0004": "110",
      "0005": "3730",
      "0006": "19",
      "0007": "75",
      "tdpId": 21
    },
    {
      "0000": "AMC Matador (Wagon)",
      "0001": "15.5",
      "0002": "8",
      "0003": "304",
      "0004": "120",
      "0005": "3962",
      "0006": "13.9",
      "0007": "76",
      "tdpId": 22
    },
    {
      "0000": "AMC Matador (Wagon)",
      "0001": "16",
      "0002": "6",
      "0003": "258",
      "0004": "110",
      "0005": "3632",
      "0006": "18",
      "0007": "74",
      "tdpId": 23
    },
    {
      "0000": "AMC Matador (Wagon)",
      "0001": "18",
      "0002": "6",
      "0003": "232",
      "0004": "100",
      "0005": "3288",
      "0006": "15.5",
      "0007": "71",
      "tdpId": 24
    },
    {
      "0000": "AMC Pacer D/L",
      "0001": "17.5",
      "0002": "6",
      "0003": "258",
      "0004": "95",
      "0005": "3193",
      "0006": "17.8",
      "0007": "76",
      "tdpId": 25
    },
    {
      "0000": "AMC Pacer D/L",
      "0001": "19",
      "0002": "6",
      "0003": "232",
      "0004": "90",
      "0005": "3211",
      "0006": "17",
      "0007": "75",
      "tdpId": 26
    },
    {
      "0000": "AMC Gremlin",
      "0001": "",
      "0002": "8",
      "0003": "360",
      "0004": "175",
      "0005": "3850",
      "0006": "11",
      "0007": "70",
      "tdpId": 27
    },
    {
      "0000": "AMC Gremlin",
      "0001": "16",
      "0002": "8",
      "0003": "304",
      "0004": "150",
      "0005": "3433",
      "0006": "12",
      "0007": "70",
      "tdpId": 28
    },
    {
      "0000": "AMC Pacer D/L",
      "0001": "27.4",
      "0002": "4",
      "0003": "121",
      "0004": "80",
      "0005": "2670",
      "0006": "15",
      "0007": "79",
      "tdpId": 29
    },
    {
      "0000": "Audi 100 LS",
      "0001": "20",
      "0002": "4",
      "0003": "114",
      "0004": "91",
      "0005": "2582",
      "0006": "14",
      "0007": "73",
      "tdpId": 30
    },
    {
      "0000": "Audi 100 LS",
      "0001": "23",
      "0002": "4",
      "0003": "115",
      "0004": "95",
      "0005": "2694",
      "0006": "15",
      "0007": "75",
      "tdpId": 31
    },
    {
      "0000": "Audi 100 LS",
      "0001": "24",
      "0002": "4",
      "0003": "107",
      "0004": "90",
      "0005": "2430",
      "0006": "14.5",
      "0007": "70",
      "tdpId": 32
    },
    {
      "0000": "Audi 4000",
      "0001": "34.3",
      "0002": "4",
      "0003": "97",
      "0004": "78",
      "0005": "2188",
      "0006": "15.8",
      "0007": "80",
      "tdpId": 33
    },
    {
      "0000": "Audi 4000",
      "0001": "20.3",
      "0002": "5",
      "0003": "131",
      "0004": "103",
      "0005": "2830",
      "0006": "15.9",
      "0007": "78",
      "tdpId": 34
    },
    {
      "0000": "Audi 5000S (Diesel)",
      "0001": "36.4",
      "0002": "5",
      "0003": "121",
      "0004": "67",
      "0005": "2950",
      "0006": "19.9",
      "0007": "80",
      "tdpId": 35
    },
    {
      "0000": "Audi Fox",
      "0001": "29",
      "0002": "4",
      "0003": "98",
      "0004": "83",
      "0005": "2219",
      "0006": "16.5",
      "0007": "74",
      "tdpId": 36
    },
    {
      "0000": "BMW 320i",
      "0001": "26",
      "0002": "4",
      "0003": "121",
      "0004": "113",
      "0005": "2234",
      "0006": "12.5",
      "0007": "70",
      "tdpId": 37
    },
    {
      "0000": "BMW 320i",
      "0001": "21.5",
      "0002": "4",
      "0003": "121",
      "0004": "110",
      "0005": "2600",
      "0006": "12.8",
      "0007": "77",
      "tdpId": 38
    },
    {
      "0000": "Buick Century",
      "0001": "13",
      "0002": "8",
      "0003": "350",
      "0004": "175",
      "0005": "4100",
      "0006": "13",
      "0007": "73",
      "tdpId": 39
    },
    {
      "0000": "Buick Century",
      "0001": "25",
      "0002": "6",
      "0003": "181",
      "0004": "110",
      "0005": "2945",
      "0006": "16.4",
      "0007": "82",
      "tdpId": 40
    },
    {
      "0000": "Buick Century",
      "0001": "13",
      "0002": "8",
      "0003": "350",
      "0004": "150",
      "0005": "4699",
      "0006": "14.5",
      "0007": "74",
      "tdpId": 41
    },
    {
      "0000": "Buick Century",
      "0001": "20.6",
      "0002": "6",
      "0003": "231",
      "0004": "105",
      "0005": "3380",
      "0006": "15.8",
      "0007": "78",
      "tdpId": 42
    },
    {
      "0000": "Buick Century",
      "0001": "17",
      "0002": "6",
      "0003": "231",
      "0004": "110",
      "0005": "3907",
      "0006": "21",
      "0007": "75",
      "tdpId": 43
    },
    {
      "0000": "Buick Century",
      "0001": "22.4",
      "0002": "6",
      "0003": "231",
      "0004": "110",
      "0005": "3415",
      "0006": "15.8",
      "0007": "81",
      "tdpId": 44
    },
    {
      "0000": "Buick Electra 225 Custom",
      "0001": "12",
      "0002": "8",
      "0003": "455",
      "0004": "225",
      "0005": "4951",
      "0006": "11",
      "0007": "73",
      "tdpId": 45
    },
    {
      "0000": "Buick Estate Wagon (Wagon)",
      "0001": "14",
      "0002": "8",
      "0003": "455",
      "0004": "225",
      "0005": "3086",
      "0006": "10",
      "0007": "70",
      "tdpId": 46
    },
    {
      "0000": "Buick Estate Wagon (Wagon)",
      "0001": "16.9",
      "0002": "8",
      "0003": "350",
      "0004": "155",
      "0005": "4360",
      "0006": "14.9",
      "0007": "79",
      "tdpId": 47
    },
    {
      "0000": "Buick Electra 225 Custom",
      "0001": "13",
      "0002": "8",
      "0003": "350",
      "0004": "155",
      "0005": "4502",
      "0006": "13.5",
      "0007": "72",
      "tdpId": 48
    },
    {
      "0000": "Buick Opel Isuzu Deluxe",
      "0001": "30",
      "0002": "4",
      "0003": "111",
      "0004": "80",
      "0005": "2155",
      "0006": "14.8",
      "0007": "77",
      "tdpId": 49
    },
    {
      "0000": "Buick Regal Sport Coupe (Turbo)",
      "0001": "17.7",
      "0002": "6",
      "0003": "231",
      "0004": "165",
      "0005": "3445",
      "0006": "13.4",
      "0007": "78",
      "tdpId": 50
    },
    {
      "0000": "Buick Skyhawk",
      "0001": "21",
      "0002": "6",
      "0003": "231",
      "0004": "110",
      "0005": "3039",
      "0006": "15",
      "0007": "75",
      "tdpId": 51
    },
    {
      "0000": "Buick Skylark",
      "0001": "15",
      "0002": "8",
      "0003": "350",
      "0004": "165",
      "0005": "3693",
      "0006": "11.5",
      "0007": "70",
      "tdpId": 52
    },
    {
      "0000": "Buick Skylark",
      "0001": "28.4",
      "0002": "4",
      "0003": "151",
      "0004": "90",
      "0005": "2670",
      "0006": "16",
      "0007": "79",
      "tdpId": 53
    },
    {
      "0000": "Buick Skylark",
      "0001": "20.5",
      "0002": "6",
      "0003": "231",
      "0004": "105",
      "0005": "3425",
      "0006": "16.9",
      "0007": "77",
      "tdpId": 54
    },
    {
      "0000": "Buick Skylark",
      "0001": "26.6",
      "0002": "4",
      "0003": "151",
      "0004": "84",
      "0005": "2635",
      "0006": "16.4",
      "0007": "81",
      "tdpId": 55
    },
    {
      "0000": "Cadillac Eldorado",
      "0001": "23",
      "0002": "8",
      "0003": "350",
      "0004": "125",
      "0005": "3900",
      "0006": "17.4",
      "0007": "79",
      "tdpId": 56
    },
    {
      "0000": "Cadillac Eldorado",
      "0001": "16.5",
      "0002": "8",
      "0003": "350",
      "0004": "180",
      "0005": "4380",
      "0006": "12.1",
      "0007": "76",
      "tdpId": 57
    },
    {
      "0000": "Chevrolet Citation",
      "0001": "16",
      "0002": "6",
      "0003": "250",
      "0004": "105",
      "0005": "3897",
      "0006": "18.5",
      "0007": "75",
      "tdpId": 58
    },
    {
      "0000": "Chevrolet Citation",
      "0001": "15",
      "0002": "8",
      "0003": "350",
      "0004": "145",
      "0005": "4440",
      "0006": "14",
      "0007": "75",
      "tdpId": 59
    },
    {
      "0000": "Chevrolet Citation",
      "0001": "27",
      "0002": "4",
      "0003": "151",
      "0004": "90",
      "0005": "2950",
      "0006": "17.3",
      "0007": "82",
      "tdpId": 60
    },
    {
      "0000": "Chevrolet Citation",
      "0001": "13",
      "0002": "8",
      "0003": "400",
      "0004": "150",
      "0005": "4464",
      "0006": "12",
      "0007": "73",
      "tdpId": 61
    },
    {
      "0000": "Chevrolet Citation",
      "0001": "17",
      "0002": "8",
      "0003": "305",
      "0004": "130",
      "0005": "3840",
      "0006": "15.4",
      "0007": "79",
      "tdpId": 62
    },
    {
      "0000": "Chevrolet Citation",
      "0001": "17.5",
      "0002": "8",
      "0003": "305",
      "0004": "145",
      "0005": "3880",
      "0006": "12.5",
      "0007": "77",
      "tdpId": 63
    },
    {
      "0000": "Chevrolet Citation",
      "0001": "34",
      "0002": "4",
      "0003": "112",
      "0004": "88",
      "0005": "2395",
      "0006": "18",
      "0007": "82",
      "tdpId": 64
    },
    {
      "0000": "Chevrolet Citation",
      "0001": "27",
      "0002": "4",
      "0003": "112",
      "0004": "88",
      "0005": "2640",
      "0006": "18.6",
      "0007": "82",
      "tdpId": 65
    },
    {
      "0000": "Chevrolet Citation",
      "0001": "28",
      "0002": "4",
      "0003": "112",
      "0004": "88",
      "0005": "2605",
      "0006": "19.6",
      "0007": "82",
      "tdpId": 66
    },
    {
      "0000": "Chevrolet Citation",
      "0001": "",
      "0002": "8",
      "0003": "350",
      "0004": "165",
      "0005": "4142",
      "0006": "11.5",
      "0007": "70",
      "tdpId": 67
    },
    {
      "0000": "Chevrolet Citation",
      "0001": "13",
      "0002": "8",
      "0003": "307",
      "0004": "130",
      "0005": "4098",
      "0006": "14",
      "0007": "72",
      "tdpId": 68
    },
    {
      "0000": "Chevrolet Citation",
      "0001": "16",
      "0002": "6",
      "0003": "250",
      "0004": "100",
      "0005": "3781",
      "0006": "17",
      "0007": "74",
      "tdpId": 69
    },
    {
      "0000": "Chevrolet Citation",
      "0001": "17.5",
      "0002": "8",
      "0003": "305",
      "0004": "140",
      "0005": "4215",
      "0006": "13",
      "0007": "76",
      "tdpId": 70
    },
    {
      "0000": "Chevrolet Citation",
      "0001": "17",
      "0002": "6",
      "0003": "250",
      "0004": "100",
      "0005": "3329",
      "0006": "15.5",
      "0007": "71",
      "tdpId": 71
    },
    {
      "0000": "Chevrolet Citation",
      "0001": "18",
      "0002": "8",
      "0003": "307",
      "0004": "130",
      "0005": "3504",
      "0006": "12",
      "0007": "70",
      "tdpId": 72
    },
    {
      "0000": "Chevrolet Citation",
      "0001": "29",
      "0002": "4",
      "0003": "85",
      "0004": "52",
      "0005": "2035",
      "0006": "22.2",
      "0007": "76",
      "tdpId": 73
    },
    {
      "0000": "Chevrolet Citation",
      "0001": "30",
      "0002": "4",
      "0003": "98",
      "0004": "68",
      "0005": "2155",
      "0006": "16.5",
      "0007": "78",
      "tdpId": 74
    },
    {
      "0000": "Chevrolet Citation",
      "0001": "30.5",
      "0002": "4",
      "0003": "98",
      "0004": "63",
      "0005": "2051",
      "0006": "17",
      "0007": "77",
      "tdpId": 75
    },
    {
      "0000": "Chevrolet Citation",
      "0001": "32.1",
      "0002": "4",
      "0003": "98",
      "0004": "70",
      "0005": "2120",
      "0006": "15.5",
      "0007": "80",
      "tdpId": 76
    },
    {
      "0000": "Chevrolet Citation",
      "0001": "23.5",
      "0002": "6",
      "0003": "173",
      "0004": "110",
      "0005": "2725",
      "0006": "12.6",
      "0007": "81",
      "tdpId": 77
    },
    {
      "0000": "Chevrolet Citation",
      "0001": "28",
      "0002": "4",
      "0003": "151",
      "0004": "90",
      "0005": "2678",
      "0006": "16.5",
      "0007": "80",
      "tdpId": 78
    },
    {
      "0000": "Chevrolet Citation",
      "0001": "28.8",
      "0002": "6",
      "0003": "173",
      "0004": "115",
      "0005": "2595",
      "0006": "11.3",
      "0007": "79",
      "tdpId": 79
    },
    {
      "0000": "Chevrolet Citation",
      "0001": "17.5",
      "0002": "6",
      "0003": "250",
      "0004": "110",
      "0005": "3520",
      "0006": "16.4",
      "0007": "77",
      "tdpId": 80
    },
    {
      "0000": "Chevrolet Citation",
      "0001": "11",
      "0002": "8",
      "0003": "400",
      "0004": "150",
      "0005": "4997",
      "0006": "14",
      "0007": "73",
      "tdpId": 81
    },
    {
      "0000": "Chevrolet Citation",
      "0001": "13",
      "0002": "8",
      "0003": "350",
      "0004": "165",
      "0005": "4274",
      "0006": "12",
      "0007": "72",
      "tdpId": 82
    },
    {
      "0000": "Chevrolet Citation",
      "0001": "14",
      "0002": "8",
      "0003": "350",
      "0004": "165",
      "0005": "4209",
      "0006": "12",
      "0007": "71",
      "tdpId": 83
    },
    {
      "0000": "Chevrolet Citation",
      "0001": "14",
      "0002": "8",
      "0003": "454",
      "0004": "220",
      "0005": "4354",
      "0006": "9",
      "0007": "70",
      "tdpId": 84
    },
    {
      "0000": "Chevrolet Citation",
      "0001": "19.2",
      "0002": "8",
      "0003": "267",
      "0004": "125",
      "0005": "3605",
      "0006": "15",
      "0007": "79",
      "tdpId": 85
    },
    {
      "0000": "Chevrolet Citation",
      "0001": "13",
      "0002": "8",
      "0003": "350",
      "0004": "145",
      "0005": "3988",
      "0006": "13",
      "0007": "73",
      "tdpId": 86
    },
    {
      "0000": "Chevrolet Citation",
      "0001": "20.5",
      "0002": "6",
      "0003": "200",
      "0004": "95",
      "0005": "3155",
      "0006": "18.2",
      "0007": "78",
      "tdpId": 87
    },
    {
      "0000": "Chevrolet Citation",
      "0001": "15.5",
      "0002": "8",
      "0003": "350",
      "0004": "170",
      "0005": "4165",
      "0006": "11.4",
      "0007": "77",
      "tdpId": 88
    },
    {
      "0000": "Chevrolet Citation",
      "0001": "19.2",
      "0002": "8",
      "0003": "305",
      "0004": "145",
      "0005": "3425",
      "0006": "13.2",
      "0007": "78",
      "tdpId": 89
    },
    {
      "0000": "Chevrolet Citation",
      "0001": "15",
      "0002": "8",
      "0003": "350",
      "0004": "145",
      "0005": "4082",
      "0006": "13",
      "0007": "73",
      "tdpId": 90
    },
    {
      "0000": "Chevrolet Citation",
      "0001": "15",
      "0002": "8",
      "0003": "400",
      "0004": "150",
      "0005": "3761",
      "0006": "9.5",
      "0007": "70",
      "tdpId": 91
    },
    {
      "0000": "Chevrolet Citation",
      "0001": "20",
      "0002": "8",
      "0003": "262",
      "0004": "110",
      "0005": "3221",
      "0006": "13.5",
      "0007": "75",
      "tdpId": 92
    },
    {
      "0000": "Chevrolet Citation",
      "0001": "16",
      "0002": "6",
      "0003": "250",
      "0004": "100",
      "0005": "3278",
      "0006": "18",
      "0007": "73",
      "tdpId": 93
    },
    {
      "0000": "Chevrolet Citation",
      "0001": "15",
      "0002": "6",
      "0003": "250",
      "0004": "100",
      "0005": "3336",
      "0006": "17",
      "0007": "74",
      "tdpId": 94
    },
    {
      "0000": "Chevrolet Citation",
      "0001": "18",
      "0002": "6",
      "0003": "250",
      "0004": "105",
      "0005": "3459",
      "0006": "16",
      "0007": "75",
      "tdpId": 95
    },
    {
      "0000": "Chevrolet Citation",
      "0001": "22",
      "0002": "6",
      "0003": "250",
      "0004": "105",
      "0005": "3353",
      "0006": "14.5",
      "0007": "76",
      "tdpId": 96
    },
    {
      "0000": "Chevrolet Citation",
      "0001": "22",
      "0002": "4",
      "0003": "140",
      "0004": "72",
      "0005": "2408",
      "0006": "19",
      "0007": "71",
      "tdpId": 97
    },
    {
      "0000": "Chevrolet Citation",
      "0001": "28",
      "0002": "4",
      "0003": "140",
      "0004": "90",
      "0005": "2264",
      "0006": "15.5",
      "0007": "71",
      "tdpId": 98
    },
    {
      "0000": "Chevrolet Citation",
      "0001": "20",
      "0002": "4",
      "0003": "140",
      "0004": "90",
      "0005": "2408",
      "0006": "19.5",
      "0007": "72",
      "tdpId": 99
    },
    {
      "0000": "Chevrolet Citation",
      "0001": "21",
      "0002": "4",
      "0003": "140",
      "0004": "72",
      "0005": "2401",
      "0006": "19.5",
      "0007": "73",
      "tdpId": 100
    }
  ]
}