{
  "records": [
    {
      "state": "NC",
      "city":"Santa Fe",
      "tdpId": 1
    },
    {
      "state": "NY",
      "city":"Santa Fe",
      "tdpId": 2
    },
    {
      "state": "CA",
      "city":"Santa Fe",
      "tdpId": 3
    },
    {
      "state": "TX",
      "city": "Grapevine",
      "tdpId": 4
    }
  ],
  "metadata": {
    "columns": [
      {
        "id": "state",
        "name": "state",
        "type": "string",
        "domain": "new_fake_domain",
        "domainForced": true,
        "typeForced": false
      },
      {
        "id": "city",
        "name": "city",
        "type": "string",
        "domain": "CITY",
        "domainForced": false,
        "typeForced": false
      }
    ]
  }
}