{
  "records": [
    {
      "0000": "6",
      "0001": "Carl",
      "0002": "harrison",
      "0003": "2/8/1983",
      "0004": "Pittsburgh",
      "0005": "PA",
      "0006": "7/24/2001",
      "0007": "13",
      "0008": "65.42",
      "tdpId": 6
    },
    {
      "0000": "9",
      "0001": "Patrick",
      "0002": "gordon",
      "0003": "1/28/1983",
      "0004": "Sioux City",
      "0005": "IA",
      "0006": "10/8/2013",
      "0007": "13",
      "0008": "31.26",
      "tdpId": 9
    }
  ]
}