{
  "records": [
    {
      "0000": "07/22/2015",
      "0001": "07",
      "0002": "22",
      "0003": "2015",
      "0004": "false",
      "tdpId": 1
    },
    {
      "0000": "09/03/2015",
      "0001": "09",
      "0002": "03",
      "0003": "2015",
      "0004": "false",
      "tdpId": 2
    },
    {
      "0000": "08/28/2015",
      "0001": "08",
      "0002": "28",
      "0003": "2015",
      "0004": "false",
      "tdpId": 3
    },
    {
      "0000": "07/20/2015",
      "0001": "07",
      "0002": "20",
      "0003": "2015",
      "0004": "false",
      "tdpId": 4
    },
    {
      "0000": "12/27/2014",
      "0001": "12",
      "0002": "27",
      "0003": "2014",
      "0004": "false",
      "tdpId": 5
    },
    {
      "0000": "04/04/2015",
      "0001": "04",
      "0002": "04",
      "0003": "2015",
      "0004": "true",
      "tdpId": 6
    },
    {
      "0000": "08/16/2015",
      "0001": "08",
      "0002": "16",
      "0003": "2015",
      "0004": "false",
      "tdpId": 7
    },
    {
      "0000": "03/17/2015",
      "0001": "03",
      "0002": "17",
      "0003": "2015",
      "0004": "false",
      "tdpId": 8
    },
    {
      "0000": "10/22/2015",
      "0001": "10",
      "0002": "22",
      "0003": "2015",
      "0004": "false",
      "tdpId": 9
    },
    {
      "0000": "08/13/2015",
      "0001": "08",
      "0002": "13",
      "0003": "2015",
      "0004": "false",
      "tdpId": 10
    },
    {
      "0000": "07/25/2015",
      "0001": "07",
      "0002": "25",
      "0003": "2015",
      "0004": "false",
      "tdpId": 11
    },
    {
      "0000": "07/24/2015",
      "0001": "07",
      "0002": "24",
      "0003": "2015",
      "0004": "false",
      "tdpId": 12
    },
    {
      "0000": "10/09/2015",
      "0001": "10",
      "0002": "09",
      "0003": "2015",
      "0004": "false",
      "tdpId": 13
    },
    {
      "0000": "07/15/2015",
      "0001": "07",
      "0002": "15",
      "0003": "2015",
      "0004": "false",
      "tdpId": 14
    },
    {
      "0000": "03/17/2015",
      "0001": "03",
      "0002": "17",
      "0003": "2015",
      "0004": "false",
      "tdpId": 15
    },
    {
      "0000": "01/17/2015",
      "0001": "01",
      "0002": "17",
      "0003": "2015",
      "0004": "false",
      "tdpId": 16
    },
    {
      "0000": "03/29/2015",
      "0001": "03",
      "0002": "29",
      "0003": "2015",
      "0004": "false",
      "tdpId": 17
    },
    {
      "0000": "02/19/2015",
      "0001": "02",
      "0002": "19",
      "0003": "2015",
      "0004": "false",
      "tdpId": 18
    },
    {
      "0000": "06/25/2015",
      "0001": "06",
      "0002": "25",
      "0003": "2015",
      "0004": "false",
      "tdpId": 19
    },
    {
      "0000": "08/25/2015",
      "0001": "08",
      "0002": "25",
      "0003": "2015",
      "0004": "false",
      "tdpId": 20
    },
    {
      "0000": "01/17/2015",
      "0001": "01",
      "0002": "17",
      "0003": "2015",
      "0004": "false",
      "tdpId": 21
    },
    {
      "0000": "08/28/2015",
      "0001": "08",
      "0002": "28",
      "0003": "2015",
      "0004": "false",
      "tdpId": 22
    },
    {
      "0000": "07/09/2015",
      "0001": "07",
      "0002": "09",
      "0003": "2015",
      "0004": "false",
      "tdpId": 23
    },
    {
      "0000": "01/27/2015",
      "0001": "01",
      "0002": "27",
      "0003": "2015",
      "0004": "false",
      "tdpId": 24
    },
    {
      "0000": "09/14/2015",
      "0001": "09",
      "0002": "14",
      "0003": "2015",
      "0004": "false",
      "tdpId": 25
    },
    {
      "0000": "05/26/2015",
      "0001": "05",
      "0002": "26",
      "0003": "2015",
      "0004": "false",
      "tdpId": 26
    },
    {
      "0000": "10/24/2015",
      "0001": "10",
      "0002": "24",
      "0003": "2015",
      "0004": "false",
      "tdpId": 27
    },
    {
      "0000": "04/28/2015",
      "0001": "04",
      "0002": "28",
      "0003": "2015",
      "0004": "false",
      "tdpId": 28
    },
    {
      "0000": "02/27/2015",
      "0001": "02",
      "0002": "27",
      "0003": "2015",
      "0004": "false",
      "tdpId": 29
    },
    {
      "0000": "05/13/2015",
      "0001": "05",
      "0002": "13",
      "0003": "2015",
      "0004": "false",
      "tdpId": 30
    },
    {
      "0000": "09/05/2015",
      "0001": "09",
      "0002": "05",
      "0003": "2015",
      "0004": "false",
      "tdpId": 31
    },
    {
      "0000": "08/03/2015",
      "0001": "08",
      "0002": "03",
      "0003": "2015",
      "0004": "false",
      "tdpId": 32
    },
    {
      "0000": "05/28/2015",
      "0001": "05",
      "0002": "28",
      "0003": "2015",
      "0004": "false",
      "tdpId": 33
    },
    {
      "0000": "12/06/2014",
      "0001": "12",
      "0002": "06",
      "0003": "2014",
      "0004": "false",
      "tdpId": 34
    },
    {
      "0000": "03/20/2015",
      "0001": "03",
      "0002": "20",
      "0003": "2015",
      "0004": "false",
      "tdpId": 35
    },
    {
      "0000": "04/13/2015",
      "0001": "04",
      "0002": "13",
      "0003": "2015",
      "0004": "false",
      "tdpId": 36
    },
    {
      "0000": "12/11/2014",
      "0001": "12",
      "0002": "11",
      "0003": "2014",
      "0004": "false",
      "tdpId": 37
    },
    {
      "0000": "03/11/2015",
      "0001": "03",
      "0002": "11",
      "0003": "2015",
      "0004": "false",
      "tdpId": 38
    },
    {
      "0000": "12/13/2014",
      "0001": "12",
      "0002": "13",
      "0003": "2014",
      "0004": "false",
      "tdpId": 39
    },
    {
      "0000": "07/07/2015",
      "0001": "07",
      "0002": "07",
      "0003": "2015",
      "0004": "true",
      "tdpId": 40
    },
    {
      "0000": "09/20/2015",
      "0001": "09",
      "0002": "20",
      "0003": "2015",
      "0004": "false",
      "tdpId": 41
    },
    {
      "0000": "11/24/2015",
      "0001": "11",
      "0002": "24",
      "0003": "2015",
      "0004": "false",
      "tdpId": 42
    },
    {
      "0000": "01/25/2015",
      "0001": "01",
      "0002": "25",
      "0003": "2015",
      "0004": "false",
      "tdpId": 43
    },
    {
      "0000": "07/31/2015",
      "0001": "07",
      "0002": "31",
      "0003": "2015",
      "0004": "false",
      "tdpId": 44
    },
    {
      "0000": "04/08/2015",
      "0001": "04",
      "0002": "08",
      "0003": "2015",
      "0004": "false",
      "tdpId": 45
    },
    {
      "0000": "12/17/2014",
      "0001": "12",
      "0002": "17",
      "0003": "2014",
      "0004": "false",
      "tdpId": 46
    },
    {
      "0000": "02/02/2015",
      "0001": "02",
      "0002": "02",
      "0003": "2015",
      "0004": "true",
      "tdpId": 47
    },
    {
      "0000": "04/11/2015",
      "0001": "04",
      "0002": "11",
      "0003": "2015",
      "0004": "false",
      "tdpId": 48
    },
    {
      "0000": "09/09/2015",
      "0001": "09",
      "0002": "09",
      "0003": "2015",
      "0004": "true",
      "tdpId": 49
    },
    {
      "0000": "07/31/2015",
      "0001": "07",
      "0002": "31",
      "0003": "2015",
      "0004": "false",
      "tdpId": 50
    },
    {
      "0000": "01/22/2015",
      "0001": "01",
      "0002": "22",
      "0003": "2015",
      "0004": "false",
      "tdpId": 51
    },
    {
      "0000": "02/18/2015",
      "0001": "02",
      "0002": "18",
      "0003": "2015",
      "0004": "false",
      "tdpId": 52
    },
    {
      "0000": "08/19/2015",
      "0001": "08",
      "0002": "19",
      "0003": "2015",
      "0004": "false",
      "tdpId": 53
    },
    {
      "0000": "11/09/2015",
      "0001": "11",
      "0002": "09",
      "0003": "2015",
      "0004": "false",
      "tdpId": 54
    },
    {
      "0000": "07/07/2015",
      "0001": "07",
      "0002": "07",
      "0003": "2015",
      "0004": "true",
      "tdpId": 55
    },
    {
      "0000": "01/13/2015",
      "0001": "01",
      "0002": "13",
      "0003": "2015",
      "0004": "false",
      "tdpId": 56
    },
    {
      "0000": "12/25/2014",
      "0001": "12",
      "0002": "25",
      "0003": "2014",
      "0004": "false",
      "tdpId": 57
    },
    {
      "0000": "12/15/2014",
      "0001": "12",
      "0002": "15",
      "0003": "2014",
      "0004": "false",
      "tdpId": 58
    },
    {
      "0000": "10/07/2015",
      "0001": "10",
      "0002": "07",
      "0003": "2015",
      "0004": "false",
      "tdpId": 59
    },
    {
      "0000": "06/30/2015",
      "0001": "06",
      "0002": "30",
      "0003": "2015",
      "0004": "false",
      "tdpId": 60
    },
    {
      "0000": "05/20/2015",
      "0001": "05",
      "0002": "20",
      "0003": "2015",
      "0004": "false",
      "tdpId": 61
    },
    {
      "0000": "12/24/2014",
      "0001": "12",
      "0002": "24",
      "0003": "2014",
      "0004": "false",
      "tdpId": 62
    },
    {
      "0000": "03/02/2015",
      "0001": "03",
      "0002": "02",
      "0003": "2015",
      "0004": "false",
      "tdpId": 63
    },
    {
      "0000": "04/22/2015",
      "0001": "04",
      "0002": "22",
      "0003": "2015",
      "0004": "false",
      "tdpId": 64
    },
    {
      "0000": "03/22/2015",
      "0001": "03",
      "0002": "22",
      "0003": "2015",
      "0004": "false",
      "tdpId": 65
    },
    {
      "0000": "04/16/2015",
      "0001": "04",
      "0002": "16",
      "0003": "2015",
      "0004": "false",
      "tdpId": 66
    },
    {
      "0000": "10/12/2015",
      "0001": "10",
      "0002": "12",
      "0003": "2015",
      "0004": "false",
      "tdpId": 67
    },
    {
      "0000": "02/03/2015",
      "0001": "02",
      "0002": "03",
      "0003": "2015",
      "0004": "false",
      "tdpId": 68
    },
    {
      "0000": "03/23/2015",
      "0001": "03",
      "0002": "23",
      "0003": "2015",
      "0004": "false",
      "tdpId": 69
    },
    {
      "0000": "01/24/2015",
      "0001": "01",
      "0002": "24",
      "0003": "2015",
      "0004": "false",
      "tdpId": 70
    },
    {
      "0000": "09/29/2015",
      "0001": "09",
      "0002": "29",
      "0003": "2015",
      "0004": "false",
      "tdpId": 71
    },
    {
      "0000": "10/02/2015",
      "0001": "10",
      "0002": "02",
      "0003": "2015",
      "0004": "false",
      "tdpId": 72
    },
    {
      "0000": "11/20/2015",
      "0001": "11",
      "0002": "20",
      "0003": "2015",
      "0004": "false",
      "tdpId": 73
    },
    {
      "0000": "06/10/2015",
      "0001": "06",
      "0002": "10",
      "0003": "2015",
      "0004": "false",
      "tdpId": 74
    },
    {
      "0000": "02/05/2015",
      "0001": "02",
      "0002": "05",
      "0003": "2015",
      "0004": "false",
      "tdpId": 75
    },
    {
      "0000": "12/22/2014",
      "0001": "12",
      "0002": "22",
      "0003": "2014",
      "0004": "false",
      "tdpId": 76
    },
    {
      "0000": "08/22/2015",
      "0001": "08",
      "0002": "22",
      "0003": "2015",
      "0004": "false",
      "tdpId": 77
    },
    {
      "0000": "02/19/2015",
      "0001": "02",
      "0002": "19",
      "0003": "2015",
      "0004": "false",
      "tdpId": 78
    },
    {
      "0000": "10/30/2015",
      "0001": "10",
      "0002": "30",
      "0003": "2015",
      "0004": "false",
      "tdpId": 79
    },
    {
      "0000": "05/30/2015",
      "0001": "05",
      "0002": "30",
      "0003": "2015",
      "0004": "false",
      "tdpId": 80
    },
    {
      "0000": "02/12/2015",
      "0001": "02",
      "0002": "12",
      "0003": "2015",
      "0004": "false",
      "tdpId": 81
    },
    {
      "0000": "09/07/2015",
      "0001": "09",
      "0002": "07",
      "0003": "2015",
      "0004": "false",
      "tdpId": 82
    },
    {
      "0000": "10/08/2015",
      "0001": "10",
      "0002": "08",
      "0003": "2015",
      "0004": "false",
      "tdpId": 83
    },
    {
      "0000": "10/01/2015",
      "0001": "10",
      "0002": "01",
      "0003": "2015",
      "0004": "false",
      "tdpId": 84
    },
    {
      "0000": "08/24/2015",
      "0001": "08",
      "0002": "24",
      "0003": "2015",
      "0004": "false",
      "tdpId": 85
    },
    {
      "0000": "12/10/2014",
      "0001": "12",
      "0002": "10",
      "0003": "2014",
      "0004": "false",
      "tdpId": 86
    },
    {
      "0000": "05/20/2015",
      "0001": "05",
      "0002": "20",
      "0003": "2015",
      "0004": "false",
      "tdpId": 87
    },
    {
      "0000": "02/27/2015",
      "0001": "02",
      "0002": "27",
      "0003": "2015",
      "0004": "false",
      "tdpId": 88
    },
    {
      "0000": "02/11/2015",
      "0001": "02",
      "0002": "11",
      "0003": "2015",
      "0004": "false",
      "tdpId": 89
    },
    {
      "0000": "07/13/2015",
      "0001": "07",
      "0002": "13",
      "0003": "2015",
      "0004": "false",
      "tdpId": 90
    },
    {
      "0000": "05/15/2015",
      "0001": "05",
      "0002": "15",
      "0003": "2015",
      "0004": "false",
      "tdpId": 91
    },
    {
      "0000": "11/08/2015",
      "0001": "11",
      "0002": "08",
      "0003": "2015",
      "0004": "false",
      "tdpId": 92
    },
    {
      "0000": "08/09/2015",
      "0001": "08",
      "0002": "09",
      "0003": "2015",
      "0004": "false",
      "tdpId": 93
    },
    {
      "0000": "06/20/2015",
      "0001": "06",
      "0002": "20",
      "0003": "2015",
      "0004": "false",
      "tdpId": 94
    },
    {
      "0000": "04/15/2015",
      "0001": "04",
      "0002": "15",
      "0003": "2015",
      "0004": "false",
      "tdpId": 95
    },
    {
      "0000": "10/14/2015",
      "0001": "10",
      "0002": "14",
      "0003": "2015",
      "0004": "false",
      "tdpId": 96
    },
    {
      "0000": "06/30/2015",
      "0001": "06",
      "0002": "30",
      "0003": "2015",
      "0004": "false",
      "tdpId": 97
    },
    {
      "0000": "08/14/2015",
      "0001": "08",
      "0002": "14",
      "0003": "2015",
      "0004": "false",
      "tdpId": 98
    },
    {
      "0000": "05/23/2015",
      "0001": "05",
      "0002": "23",
      "0003": "2015",
      "0004": "false",
      "tdpId": 99
    },
    {
      "0000": "12/10/2014",
      "0001": "12",
      "0002": "10",
      "0003": "2014",
      "0004": "false",
      "tdpId": 100
    }
  ]
}