{"records":[{"firstname":"Lennon","alive":"false","date-of-birth":"10/09/1940","id":"1","age":"40","lastname":"John"},{"firstname":"Bowie","alive":"true","date-of-birth":"01/08/1947","id":"2","age":"67","lastname":"David"}]}