{
  "records": [
    {
      "0": "1",
      "1": "LENNON",
      "2": "JOHN",
      "3": "40",
      "4": "10/09/1940",
      "5": "false"
    },
    {
      "0": "2",
      "1": "BOWIE",
      "2": "DAVID",
      "3": "67",
      "4": "01/08/1947",
      "5": "true"
    }
  ]
}